// Jest Snapshot v1, https://goo.gl/fbAQLP

exports[`content componenet matches snapshot Dom node structure 1`] = `[Function]`;
